#
# There is insufficient memory for the Java Runtime Environment to continue.
# Native memory allocation (malloc) failed to allocate 1116976 bytes for Chunk::new
# Possible reasons:
#   The system is out of physical RAM or swap space
#   The process is running with CompressedOops enabled, and the Java Heap may be blocking the growth of the native heap
# Possible solutions:
#   Reduce memory load on the system
#   Increase physical memory or swap space
#   Check if swap backing store is full
#   Decrease Java heap size (-Xmx/-Xms)
#   Decrease number of Java threads
#   Decrease Java thread stack sizes (-Xss)
#   Set larger code cache with -XX:ReservedCodeCacheSize=
#   JVM is running with Unscaled Compressed Oops mode in which the Java heap is
#     placed in the first 4GB address space. The Java Heap base address is the
#     maximum limit for the native heap growth. Please use -XX:HeapBaseMinAddress
#     to set the Java Heap base and to place the Java Heap above 4GB virtual address.
# This output file may be truncated or incomplete.
#
#  Out of Memory Error (arena.cpp:189), pid=20856, tid=28112
#
# JRE version: Java(TM) SE Runtime Environment (17.0.2+8) (build 17.0.2+8-LTS-86)
# Java VM: Java HotSpot(TM) 64-Bit Server VM (17.0.2+8-LTS-86, mixed mode, sharing, tiered, compressed oops, compressed class ptrs, g1 gc, windows-amd64)
# No core dump will be written. Minidumps are not enabled by default on client versions of Windows
#

---------------  S U M M A R Y ------------

Command Line: C:\Users\Prayash\AppData\Local\Temp\surefire3861306777066492581\surefirebooter-20260508225539235_3.jar C:\Users\Prayash\AppData\Local\Temp\surefire3861306777066492581 2026-05-08T22-55-37_883-jvmRun1 surefire-20260508225539235_1tmp surefire_0-20260508225539235_2tmp

Host: Intel(R) Core(TM) i5-1035G1 CPU @ 1.00GHz, 8 cores, 7G,  Windows 11 , 64 bit Build 26100 (10.0.26100.7920)
Time: Fri May  8 22:55:45 2026 India Standard Time elapsed time: 5.948656 seconds (0d 0h 0m 5s)

---------------  T H R E A D  ---------------

Current thread (0x000001697f36ad70):  JavaThread "C2 CompilerThread0" daemon [_thread_in_native, id=28112, stack(0x0000003295c00000,0x0000003295d00000)]


Current CompileTask:
C2:   5949 1303       4       java.util.jar.JarFile::getEntry (35 bytes)

Stack: [0x0000003295c00000,0x0000003295d00000]
Native frames: (J=compiled Java code, j=interpreted, Vv=VM code, C=native code)
V  [jvm.dll+0x670baa]
V  [jvm.dll+0x7cfcb4]
V  [jvm.dll+0x7d145e]
V  [jvm.dll+0x7d1ac3]
V  [jvm.dll+0x242bc5]
V  [jvm.dll+0xaa57b]
V  [jvm.dll+0xaab0c]
V  [jvm.dll+0x35fcb2]
V  [jvm.dll+0x32a331]
V  [jvm.dll+0x3297da]
V  [jvm.dll+0x215c91]
V  [jvm.dll+0x2150b1]
V  [jvm.dll+0x1a1bbd]
V  [jvm.dll+0x224908]
V  [jvm.dll+0x222a6c]
V  [jvm.dll+0x7859bb]
V  [jvm.dll+0x77ff7a]
V  [jvm.dll+0x66fa35]
C  [ucrtbase.dll+0x37b0]
C  [KERNEL32.DLL+0x2e8d7]
C  [ntdll.dll+0x8c48c]


---------------  P R O C E S S  ---------------

Threads class SMR info:
_java_thread_list=0x000001690f1bd1a0, length=14, elements={
0x000001697048fac0, 0x000001697f345710, 0x000001697f345fd0, 0x000001697f35e670,
0x000001697f35ef30, 0x000001697f35f7f0, 0x000001697f3600b0, 0x000001697f36ad70,
0x000001697f36b720, 0x000001697f376d80, 0x000001690f0dc1f0, 0x000001690f0e2af0,
0x000001690f32f280, 0x000001690f35f580
}

Java Threads: ( => current thread )
  0x000001697048fac0 JavaThread "main" [_thread_in_Java, id=12036, stack(0x0000003294f00000,0x0000003295000000)]
  0x000001697f345710 JavaThread "Reference Handler" daemon [_thread_blocked, id=26004, stack(0x0000003295600000,0x0000003295700000)]
  0x000001697f345fd0 JavaThread "Finalizer" daemon [_thread_blocked, id=19948, stack(0x0000003295700000,0x0000003295800000)]
  0x000001697f35e670 JavaThread "Signal Dispatcher" daemon [_thread_blocked, id=25620, stack(0x0000003295800000,0x0000003295900000)]
  0x000001697f35ef30 JavaThread "Attach Listener" daemon [_thread_blocked, id=27444, stack(0x0000003295900000,0x0000003295a00000)]
  0x000001697f35f7f0 JavaThread "Service Thread" daemon [_thread_blocked, id=20444, stack(0x0000003295a00000,0x0000003295b00000)]
  0x000001697f3600b0 JavaThread "Monitor Deflation Thread" daemon [_thread_blocked, id=25824, stack(0x0000003295b00000,0x0000003295c00000)]
=>0x000001697f36ad70 JavaThread "C2 CompilerThread0" daemon [_thread_in_native, id=28112, stack(0x0000003295c00000,0x0000003295d00000)]
  0x000001697f36b720 JavaThread "C1 CompilerThread0" daemon [_thread_blocked, id=11620, stack(0x0000003295d00000,0x0000003295e00000)]
  0x000001697f376d80 JavaThread "Sweeper thread" daemon [_thread_blocked, id=25708, stack(0x0000003295e00000,0x0000003295f00000)]
  0x000001690f0dc1f0 JavaThread "Notification Thread" daemon [_thread_blocked, id=24552, stack(0x0000003295f00000,0x0000003296000000)]
  0x000001690f0e2af0 JavaThread "Common-Cleaner" daemon [_thread_blocked, id=28040, stack(0x0000003296100000,0x0000003296200000)]
  0x000001690f32f280 JavaThread "surefire-forkedjvm-stream-flusher" daemon [_thread_blocked, id=23048, stack(0x0000003296200000,0x0000003296300000)]
  0x000001690f35f580 JavaThread "surefire-forkedjvm-command-thread" daemon [_thread_in_native, id=25664, stack(0x0000003296300000,0x0000003296400000)]

Other Threads:
  0x000001697f340e60 VMThread "VM Thread" [stack: 0x0000003295500000,0x0000003295600000] [id=28364]
  0x00000169704f1a10 WatcherThread [stack: 0x0000003296000000,0x0000003296100000] [id=29676]
  0x00000169704ce4b0 GCTaskThread "GC Thread#0" [stack: 0x0000003295000000,0x0000003295100000] [id=25752]
  0x000001690fb4f480 GCTaskThread "GC Thread#1" [stack: 0x0000003296400000,0x0000003296500000] [id=20760]
  0x000001690fbabc50 GCTaskThread "GC Thread#2" [stack: 0x0000003296500000,0x0000003296600000] [id=1868]
  0x000001690fbabf00 GCTaskThread "GC Thread#3" [stack: 0x0000003296600000,0x0000003296700000] [id=22000]
  0x000001690fbd6520 GCTaskThread "GC Thread#4" [stack: 0x0000003296700000,0x0000003296800000] [id=13988]
  0x00000169704df610 ConcurrentGCThread "G1 Main Marker" [stack: 0x0000003295100000,0x0000003295200000] [id=27772]
  0x00000169704e45f0 ConcurrentGCThread "G1 Conc#0" [stack: 0x0000003295200000,0x0000003295300000] [id=26468]
  0x0000016970554dc0 ConcurrentGCThread "G1 Refine#0" [stack: 0x0000003295300000,0x0000003295400000] [id=23136]
  0x0000016970555490 ConcurrentGCThread "G1 Service" [stack: 0x0000003295400000,0x0000003295500000] [id=29544]

Threads with active compile tasks:
C2 CompilerThread0     6074 1303       4       java.util.jar.JarFile::getEntry (35 bytes)

VM state: not at safepoint (normal execution)

VM Mutex/Monitor currently owned by a thread: None

Heap address: 0x0000000084e00000, size: 1970 MB, Compressed Oops mode: 32-bit

CDS archive(s) mapped at: [0x0000000800000000-0x0000000800bc0000-0x0000000800bc0000), size 12320768, SharedBaseAddress: 0x0000000800000000, ArchiveRelocationMode: 0.
Compressed class space mapped at: 0x0000000800c00000-0x0000000840c00000, reserved size: 1073741824
Narrow klass base: 0x0000000800000000, Narrow klass shift: 0, Narrow klass range: 0x100000000

GC Precious Log:
 CPUs: 8 total, 8 available
 Memory: 7879M
 Large Page Support: Disabled
 NUMA Support: Disabled
 Compressed Oops: Enabled (32-bit)
 Heap Region Size: 1M
 Heap Min Capacity: 8M
 Heap Initial Capacity: 124M
 Heap Max Capacity: 1970M
 Pre-touch: Disabled
 Parallel Workers: 8
 Concurrent Workers: 2
 Concurrent Refinement Workers: 8
 Periodic GC: Disabled

Heap:
 garbage-first heap   total 126976K, used 20416K [0x0000000084e00000, 0x0000000100000000)
  region size 1024K, 16 young (16384K), 3 survivors (3072K)
 Metaspace       used 7528K, committed 7744K, reserved 1056768K
  class space    used 960K, committed 1088K, reserved 1048576K

Heap Regions: E=young(eden), S=young(survivor), O=old, HS=humongous(starts), HC=humongous(continues), CS=collection set, F=free, OA=open archive, CA=closed archive, TAMS=top-at-mark-start (previous, next)
|   0|0x0000000084e00000, 0x0000000084f00000, 0x0000000084f00000|100%|HS|  |TAMS 0x0000000084e00000, 0x0000000084e00000| Complete 
|   1|0x0000000084f00000, 0x0000000084f00000, 0x0000000085000000|  0%| F|  |TAMS 0x0000000084f00000, 0x0000000084f00000| Untracked 
|   2|0x0000000085000000, 0x0000000085100000, 0x0000000085100000|100%|HS|  |TAMS 0x0000000085000000, 0x0000000085000000| Complete 
|   3|0x0000000085100000, 0x0000000085200000, 0x0000000085200000|100%| O|  |TAMS 0x0000000085100000, 0x0000000085100000| Untracked 
|   4|0x0000000085200000, 0x0000000085300000, 0x0000000085300000|100%| O|  |TAMS 0x0000000085200000, 0x0000000085200000| Untracked 
|   5|0x0000000085300000, 0x00000000853f0200, 0x0000000085400000| 93%| O|  |TAMS 0x0000000085300000, 0x0000000085300000| Untracked 
|   6|0x0000000085400000, 0x0000000085400000, 0x0000000085500000|  0%| F|  |TAMS 0x0000000085400000, 0x0000000085400000| Untracked 
|   7|0x0000000085500000, 0x0000000085500000, 0x0000000085600000|  0%| F|  |TAMS 0x0000000085500000, 0x0000000085500000| Untracked 
|   8|0x0000000085600000, 0x0000000085600000, 0x0000000085700000|  0%| F|  |TAMS 0x0000000085600000, 0x0000000085600000| Untracked 
|   9|0x0000000085700000, 0x0000000085700000, 0x0000000085800000|  0%| F|  |TAMS 0x0000000085700000, 0x0000000085700000| Untracked 
|  10|0x0000000085800000, 0x0000000085800000, 0x0000000085900000|  0%| F|  |TAMS 0x0000000085800000, 0x0000000085800000| Untracked 
|  11|0x0000000085900000, 0x0000000085900000, 0x0000000085a00000|  0%| F|  |TAMS 0x0000000085900000, 0x0000000085900000| Untracked 
|  12|0x0000000085a00000, 0x0000000085a00000, 0x0000000085b00000|  0%| F|  |TAMS 0x0000000085a00000, 0x0000000085a00000| Untracked 
|  13|0x0000000085b00000, 0x0000000085b00000, 0x0000000085c00000|  0%| F|  |TAMS 0x0000000085b00000, 0x0000000085b00000| Untracked 
|  14|0x0000000085c00000, 0x0000000085c00000, 0x0000000085d00000|  0%| F|  |TAMS 0x0000000085c00000, 0x0000000085c00000| Untracked 
|  15|0x0000000085d00000, 0x0000000085d00000, 0x0000000085e00000|  0%| F|  |TAMS 0x0000000085d00000, 0x0000000085d00000| Untracked 
|  16|0x0000000085e00000, 0x0000000085e00000, 0x0000000085f00000|  0%| F|  |TAMS 0x0000000085e00000, 0x0000000085e00000| Untracked 
|  17|0x0000000085f00000, 0x0000000085f00000, 0x0000000086000000|  0%| F|  |TAMS 0x0000000085f00000, 0x0000000085f00000| Untracked 
|  18|0x0000000086000000, 0x0000000086000000, 0x0000000086100000|  0%| F|  |TAMS 0x0000000086000000, 0x0000000086000000| Untracked 
|  19|0x0000000086100000, 0x0000000086100000, 0x0000000086200000|  0%| F|  |TAMS 0x0000000086100000, 0x0000000086100000| Untracked 
|  20|0x0000000086200000, 0x0000000086200000, 0x0000000086300000|  0%| F|  |TAMS 0x0000000086200000, 0x0000000086200000| Untracked 
|  21|0x0000000086300000, 0x0000000086300000, 0x0000000086400000|  0%| F|  |TAMS 0x0000000086300000, 0x0000000086300000| Untracked 
|  22|0x0000000086400000, 0x0000000086400000, 0x0000000086500000|  0%| F|  |TAMS 0x0000000086400000, 0x0000000086400000| Untracked 
|  23|0x0000000086500000, 0x0000000086500000, 0x0000000086600000|  0%| F|  |TAMS 0x0000000086500000, 0x0000000086500000| Untracked 
|  24|0x0000000086600000, 0x0000000086600000, 0x0000000086700000|  0%| F|  |TAMS 0x0000000086600000, 0x0000000086600000| Untracked 
|  25|0x0000000086700000, 0x0000000086700000, 0x0000000086800000|  0%| F|  |TAMS 0x0000000086700000, 0x0000000086700000| Untracked 
|  26|0x0000000086800000, 0x0000000086800000, 0x0000000086900000|  0%| F|  |TAMS 0x0000000086800000, 0x0000000086800000| Untracked 
|  27|0x0000000086900000, 0x0000000086900000, 0x0000000086a00000|  0%| F|  |TAMS 0x0000000086900000, 0x0000000086900000| Untracked 
|  28|0x0000000086a00000, 0x0000000086a00000, 0x0000000086b00000|  0%| F|  |TAMS 0x0000000086a00000, 0x0000000086a00000| Untracked 
|  29|0x0000000086b00000, 0x0000000086b00000, 0x0000000086c00000|  0%| F|  |TAMS 0x0000000086b00000, 0x0000000086b00000| Untracked 
|  30|0x0000000086c00000, 0x0000000086c00000, 0x0000000086d00000|  0%| F|  |TAMS 0x0000000086c00000, 0x0000000086c00000| Untracked 
|  31|0x0000000086d00000, 0x0000000086d00000, 0x0000000086e00000|  0%| F|  |TAMS 0x0000000086d00000, 0x0000000086d00000| Untracked 
|  32|0x0000000086e00000, 0x0000000086e00000, 0x0000000086f00000|  0%| F|  |TAMS 0x0000000086e00000, 0x0000000086e00000| Untracked 
|  33|0x0000000086f00000, 0x0000000086f00000, 0x0000000087000000|  0%| F|  |TAMS 0x0000000086f00000, 0x0000000086f00000| Untracked 
|  34|0x0000000087000000, 0x0000000087000000, 0x0000000087100000|  0%| F|  |TAMS 0x0000000087000000, 0x0000000087000000| Untracked 
|  35|0x0000000087100000, 0x0000000087100000, 0x0000000087200000|  0%| F|  |TAMS 0x0000000087100000, 0x0000000087100000| Untracked 
|  36|0x0000000087200000, 0x0000000087200000, 0x0000000087300000|  0%| F|  |TAMS 0x0000000087200000, 0x0000000087200000| Untracked 
|  37|0x0000000087300000, 0x0000000087300000, 0x0000000087400000|  0%| F|  |TAMS 0x0000000087300000, 0x0000000087300000| Untracked 
|  38|0x0000000087400000, 0x0000000087400000, 0x0000000087500000|  0%| F|  |TAMS 0x0000000087400000, 0x0000000087400000| Untracked 
|  39|0x0000000087500000, 0x0000000087500000, 0x0000000087600000|  0%| F|  |TAMS 0x0000000087500000, 0x0000000087500000| Untracked 
|  40|0x0000000087600000, 0x0000000087600000, 0x0000000087700000|  0%| F|  |TAMS 0x0000000087600000, 0x0000000087600000| Untracked 
|  41|0x0000000087700000, 0x0000000087700000, 0x0000000087800000|  0%| F|  |TAMS 0x0000000087700000, 0x0000000087700000| Untracked 
|  42|0x0000000087800000, 0x0000000087800000, 0x0000000087900000|  0%| F|  |TAMS 0x0000000087800000, 0x0000000087800000| Untracked 
|  43|0x0000000087900000, 0x0000000087900000, 0x0000000087a00000|  0%| F|  |TAMS 0x0000000087900000, 0x0000000087900000| Untracked 
|  44|0x0000000087a00000, 0x0000000087a00000, 0x0000000087b00000|  0%| F|  |TAMS 0x0000000087a00000, 0x0000000087a00000| Untracked 
|  45|0x0000000087b00000, 0x0000000087b00000, 0x0000000087c00000|  0%| F|  |TAMS 0x0000000087b00000, 0x0000000087b00000| Untracked 
|  46|0x0000000087c00000, 0x0000000087c00000, 0x0000000087d00000|  0%| F|  |TAMS 0x0000000087c00000, 0x0000000087c00000| Untracked 
|  47|0x0000000087d00000, 0x0000000087d00000, 0x0000000087e00000|  0%| F|  |TAMS 0x0000000087d00000, 0x0000000087d00000| Untracked 
|  48|0x0000000087e00000, 0x0000000087e00000, 0x0000000087f00000|  0%| F|  |TAMS 0x0000000087e00000, 0x0000000087e00000| Untracked 
|  49|0x0000000087f00000, 0x0000000087f00000, 0x0000000088000000|  0%| F|  |TAMS 0x0000000087f00000, 0x0000000087f00000| Untracked 
|  50|0x0000000088000000, 0x0000000088000000, 0x0000000088100000|  0%| F|  |TAMS 0x0000000088000000, 0x0000000088000000| Untracked 
|  51|0x0000000088100000, 0x0000000088100000, 0x0000000088200000|  0%| F|  |TAMS 0x0000000088100000, 0x0000000088100000| Untracked 
|  52|0x0000000088200000, 0x0000000088200000, 0x0000000088300000|  0%| F|  |TAMS 0x0000000088200000, 0x0000000088200000| Untracked 
|  53|0x0000000088300000, 0x0000000088300000, 0x0000000088400000|  0%| F|  |TAMS 0x0000000088300000, 0x0000000088300000| Untracked 
|  54|0x0000000088400000, 0x0000000088400000, 0x0000000088500000|  0%| F|  |TAMS 0x0000000088400000, 0x0000000088400000| Untracked 
|  55|0x0000000088500000, 0x0000000088500000, 0x0000000088600000|  0%| F|  |TAMS 0x0000000088500000, 0x0000000088500000| Untracked 
|  56|0x0000000088600000, 0x0000000088600000, 0x0000000088700000|  0%| F|  |TAMS 0x0000000088600000, 0x0000000088600000| Untracked 
|  57|0x0000000088700000, 0x0000000088700000, 0x0000000088800000|  0%| F|  |TAMS 0x0000000088700000, 0x0000000088700000| Untracked 
|  58|0x0000000088800000, 0x0000000088800000, 0x0000000088900000|  0%| F|  |TAMS 0x0000000088800000, 0x0000000088800000| Untracked 
|  59|0x0000000088900000, 0x0000000088900000, 0x0000000088a00000|  0%| F|  |TAMS 0x0000000088900000, 0x0000000088900000| Untracked 
|  60|0x0000000088a00000, 0x0000000088a00000, 0x0000000088b00000|  0%| F|  |TAMS 0x0000000088a00000, 0x0000000088a00000| Untracked 
|  61|0x0000000088b00000, 0x0000000088b00000, 0x0000000088c00000|  0%| F|  |TAMS 0x0000000088b00000, 0x0000000088b00000| Untracked 
|  62|0x0000000088c00000, 0x0000000088c00000, 0x0000000088d00000|  0%| F|  |TAMS 0x0000000088c00000, 0x0000000088c00000| Untracked 
|  63|0x0000000088d00000, 0x0000000088d00000, 0x0000000088e00000|  0%| F|  |TAMS 0x0000000088d00000, 0x0000000088d00000| Untracked 
|  64|0x0000000088e00000, 0x0000000088e00000, 0x0000000088f00000|  0%| F|  |TAMS 0x0000000088e00000, 0x0000000088e00000| Untracked 
|  65|0x0000000088f00000, 0x0000000088f00000, 0x0000000089000000|  0%| F|  |TAMS 0x0000000088f00000, 0x0000000088f00000| Untracked 
|  66|0x0000000089000000, 0x0000000089000000, 0x0000000089100000|  0%| F|  |TAMS 0x0000000089000000, 0x0000000089000000| Untracked 
|  67|0x0000000089100000, 0x0000000089100000, 0x0000000089200000|  0%| F|  |TAMS 0x0000000089100000, 0x0000000089100000| Untracked 
|  68|0x0000000089200000, 0x0000000089200000, 0x0000000089300000|  0%| F|  |TAMS 0x0000000089200000, 0x0000000089200000| Untracked 
|  69|0x0000000089300000, 0x0000000089300000, 0x0000000089400000|  0%| F|  |TAMS 0x0000000089300000, 0x0000000089300000| Untracked 
|  70|0x0000000089400000, 0x0000000089400000, 0x0000000089500000|  0%| F|  |TAMS 0x0000000089400000, 0x0000000089400000| Untracked 
|  71|0x0000000089500000, 0x0000000089500000, 0x0000000089600000|  0%| F|  |TAMS 0x0000000089500000, 0x0000000089500000| Untracked 
|  72|0x0000000089600000, 0x0000000089600000, 0x0000000089700000|  0%| F|  |TAMS 0x0000000089600000, 0x0000000089600000| Untracked 
|  73|0x0000000089700000, 0x0000000089700000, 0x0000000089800000|  0%| F|  |TAMS 0x0000000089700000, 0x0000000089700000| Untracked 
|  74|0x0000000089800000, 0x0000000089800000, 0x0000000089900000|  0%| F|  |TAMS 0x0000000089800000, 0x0000000089800000| Untracked 
|  75|0x0000000089900000, 0x0000000089900000, 0x0000000089a00000|  0%| F|  |TAMS 0x0000000089900000, 0x0000000089900000| Untracked 
|  76|0x0000000089a00000, 0x0000000089a00000, 0x0000000089b00000|  0%| F|  |TAMS 0x0000000089a00000, 0x0000000089a00000| Untracked 
|  77|0x0000000089b00000, 0x0000000089b00000, 0x0000000089c00000|  0%| F|  |TAMS 0x0000000089b00000, 0x0000000089b00000| Untracked 
|  78|0x0000000089c00000, 0x0000000089c00000, 0x0000000089d00000|  0%| F|  |TAMS 0x0000000089c00000, 0x0000000089c00000| Untracked 
|  79|0x0000000089d00000, 0x0000000089d00000, 0x0000000089e00000|  0%| F|  |TAMS 0x0000000089d00000, 0x0000000089d00000| Untracked 
|  80|0x0000000089e00000, 0x0000000089e00000, 0x0000000089f00000|  0%| F|  |TAMS 0x0000000089e00000, 0x0000000089e00000| Untracked 
|  81|0x0000000089f00000, 0x0000000089f00000, 0x000000008a000000|  0%| F|  |TAMS 0x0000000089f00000, 0x0000000089f00000| Untracked 
|  82|0x000000008a000000, 0x000000008a000000, 0x000000008a100000|  0%| F|  |TAMS 0x000000008a000000, 0x000000008a000000| Untracked 
|  83|0x000000008a100000, 0x000000008a100000, 0x000000008a200000|  0%| F|  |TAMS 0x000000008a100000, 0x000000008a100000| Untracked 
|  84|0x000000008a200000, 0x000000008a200000, 0x000000008a300000|  0%| F|  |TAMS 0x000000008a200000, 0x000000008a200000| Untracked 
|  85|0x000000008a300000, 0x000000008a300000, 0x000000008a400000|  0%| F|  |TAMS 0x000000008a300000, 0x000000008a300000| Untracked 
|  86|0x000000008a400000, 0x000000008a400000, 0x000000008a500000|  0%| F|  |TAMS 0x000000008a400000, 0x000000008a400000| Untracked 
|  87|0x000000008a500000, 0x000000008a500000, 0x000000008a600000|  0%| F|  |TAMS 0x000000008a500000, 0x000000008a500000| Untracked 
|  88|0x000000008a600000, 0x000000008a600000, 0x000000008a700000|  0%| F|  |TAMS 0x000000008a600000, 0x000000008a600000| Untracked 
|  89|0x000000008a700000, 0x000000008a700000, 0x000000008a800000|  0%| F|  |TAMS 0x000000008a700000, 0x000000008a700000| Untracked 
|  90|0x000000008a800000, 0x000000008a800000, 0x000000008a900000|  0%| F|  |TAMS 0x000000008a800000, 0x000000008a800000| Untracked 
|  91|0x000000008a900000, 0x000000008a900000, 0x000000008aa00000|  0%| F|  |TAMS 0x000000008a900000, 0x000000008a900000| Untracked 
|  92|0x000000008aa00000, 0x000000008aa00000, 0x000000008ab00000|  0%| F|  |TAMS 0x000000008aa00000, 0x000000008aa00000| Untracked 
|  93|0x000000008ab00000, 0x000000008ab00000, 0x000000008ac00000|  0%| F|  |TAMS 0x000000008ab00000, 0x000000008ab00000| Untracked 
|  94|0x000000008ac00000, 0x000000008ac00000, 0x000000008ad00000|  0%| F|  |TAMS 0x000000008ac00000, 0x000000008ac00000| Untracked 
|  95|0x000000008ad00000, 0x000000008ad00000, 0x000000008ae00000|  0%| F|  |TAMS 0x000000008ad00000, 0x000000008ad00000| Untracked 
|  96|0x000000008ae00000, 0x000000008ae00000, 0x000000008af00000|  0%| F|  |TAMS 0x000000008ae00000, 0x000000008ae00000| Untracked 
|  97|0x000000008af00000, 0x000000008af00000, 0x000000008b000000|  0%| F|  |TAMS 0x000000008af00000, 0x000000008af00000| Untracked 
|  98|0x000000008b000000, 0x000000008b100000, 0x000000008b100000|100%| S|CS|TAMS 0x000000008b000000, 0x000000008b000000| Complete 
|  99|0x000000008b100000, 0x000000008b200000, 0x000000008b200000|100%| S|CS|TAMS 0x000000008b100000, 0x000000008b100000| Complete 
| 100|0x000000008b200000, 0x000000008b300000, 0x000000008b300000|100%| S|CS|TAMS 0x000000008b200000, 0x000000008b200000| Complete 
| 101|0x000000008b300000, 0x000000008b300000, 0x000000008b400000|  0%| F|  |TAMS 0x000000008b300000, 0x000000008b300000| Untracked 
| 102|0x000000008b400000, 0x000000008b400000, 0x000000008b500000|  0%| F|  |TAMS 0x000000008b400000, 0x000000008b400000| Untracked 
| 103|0x000000008b500000, 0x000000008b500000, 0x000000008b600000|  0%| F|  |TAMS 0x000000008b500000, 0x000000008b500000| Untracked 
| 104|0x000000008b600000, 0x000000008b600000, 0x000000008b700000|  0%| F|  |TAMS 0x000000008b600000, 0x000000008b600000| Untracked 
| 105|0x000000008b700000, 0x000000008b700000, 0x000000008b800000|  0%| F|  |TAMS 0x000000008b700000, 0x000000008b700000| Untracked 
| 106|0x000000008b800000, 0x000000008b800000, 0x000000008b900000|  0%| F|  |TAMS 0x000000008b800000, 0x000000008b800000| Untracked 
| 107|0x000000008b900000, 0x000000008b900000, 0x000000008ba00000|  0%| F|  |TAMS 0x000000008b900000, 0x000000008b900000| Untracked 
| 108|0x000000008ba00000, 0x000000008ba00000, 0x000000008bb00000|  0%| F|  |TAMS 0x000000008ba00000, 0x000000008ba00000| Untracked 
| 109|0x000000008bb00000, 0x000000008bb00000, 0x000000008bc00000|  0%| F|  |TAMS 0x000000008bb00000, 0x000000008bb00000| Untracked 
| 110|0x000000008bc00000, 0x000000008bc00000, 0x000000008bd00000|  0%| F|  |TAMS 0x000000008bc00000, 0x000000008bc00000| Untracked 
| 111|0x000000008bd00000, 0x000000008bd80800, 0x000000008be00000| 50%| E|  |TAMS 0x000000008bd00000, 0x000000008bd00000| Complete 
| 112|0x000000008be00000, 0x000000008bf00000, 0x000000008bf00000|100%| E|CS|TAMS 0x000000008be00000, 0x000000008be00000| Complete 
| 113|0x000000008bf00000, 0x000000008c000000, 0x000000008c000000|100%| E|CS|TAMS 0x000000008bf00000, 0x000000008bf00000| Complete 
| 114|0x000000008c000000, 0x000000008c100000, 0x000000008c100000|100%| E|CS|TAMS 0x000000008c000000, 0x000000008c000000| Complete 
| 115|0x000000008c100000, 0x000000008c200000, 0x000000008c200000|100%| E|CS|TAMS 0x000000008c100000, 0x000000008c100000| Complete 
| 116|0x000000008c200000, 0x000000008c300000, 0x000000008c300000|100%| E|CS|TAMS 0x000000008c200000, 0x000000008c200000| Complete 
| 117|0x000000008c300000, 0x000000008c400000, 0x000000008c400000|100%| E|CS|TAMS 0x000000008c300000, 0x000000008c300000| Complete 
| 118|0x000000008c400000, 0x000000008c500000, 0x000000008c500000|100%| E|CS|TAMS 0x000000008c400000, 0x000000008c400000| Complete 
| 119|0x000000008c500000, 0x000000008c600000, 0x000000008c600000|100%| E|CS|TAMS 0x000000008c500000, 0x000000008c500000| Complete 
| 120|0x000000008c600000, 0x000000008c700000, 0x000000008c700000|100%| E|CS|TAMS 0x000000008c600000, 0x000000008c600000| Complete 
| 121|0x000000008c700000, 0x000000008c800000, 0x000000008c800000|100%| E|CS|TAMS 0x000000008c700000, 0x000000008c700000| Complete 
| 122|0x000000008c800000, 0x000000008c900000, 0x000000008c900000|100%| E|CS|TAMS 0x000000008c800000, 0x000000008c800000| Complete 
| 123|0x000000008c900000, 0x000000008ca00000, 0x000000008ca00000|100%| E|CS|TAMS 0x000000008c900000, 0x000000008c900000| Complete 

Card table byte_map: [0x00000169783f0000,0x00000169787d0000] _byte_map_base: 0x0000016977fc9000

Marking Bits (Prev, Next): (CMBitMap*) 0x00000169704ce9d0, (CMBitMap*) 0x00000169704cea10
 Prev Bits: [0x0000016978bb0000, 0x000001697aa78000)
 Next Bits: [0x000001697aa80000, 0x000001697c948000)

Polling page: 0x000001696e3c0000

Metaspace:

Usage:
  Non-class:      6.41 MB used.
      Class:    960.26 KB used.
       Both:      7.35 MB used.

Virtual space:
  Non-class space:        8.00 MB reserved,       6.50 MB ( 81%) committed,  1 nodes.
      Class space:        1.00 GB reserved,       1.06 MB ( <1%) committed,  1 nodes.
             Both:        1.01 GB reserved,       7.56 MB ( <1%) committed. 

Chunk freelists:
   Non-Class:  334.00 KB
       Class:  2.92 MB
        Both:  3.25 MB

MaxMetaspaceSize: unlimited
CompressedClassSpaceSize: 1.00 GB
Initial GC threshold: 21.00 MB
Current GC threshold: 21.00 MB
CDS: on
MetaspaceReclaimPolicy: balanced
 - commit_granule_bytes: 65536.
 - commit_granule_words: 8192.
 - virtual_space_node_default_size: 1048576.
 - enlarge_chunks_in_place: 1.
 - new_chunks_are_fully_committed: 0.
 - uncommit_free_chunks: 1.
 - use_allocation_guard: 0.
 - handle_deallocations: 1.


Internal statistics:

num_allocs_failed_limit: 0.
num_arena_births: 144.
num_arena_deaths: 0.
num_vsnodes_births: 2.
num_vsnodes_deaths: 0.
num_space_committed: 121.
num_space_uncommitted: 0.
num_chunks_returned_to_freelist: 0.
num_chunks_taken_from_freelist: 402.
num_chunk_merges: 0.
num_chunk_splits: 238.
num_chunks_enlarged: 159.
num_purges: 0.
num_inconsistent_stats: 0.

CodeHeap 'non-profiled nmethods': size=120000Kb used=483Kb max_used=483Kb free=119516Kb
 bounds [0x0000016907ad0000, 0x0000016907d40000, 0x000001690f000000]
CodeHeap 'profiled nmethods': size=120000Kb used=2634Kb max_used=2634Kb free=117365Kb
 bounds [0x00000169005a0000, 0x0000016900840000, 0x0000016907ad0000]
CodeHeap 'non-nmethods': size=5760Kb used=1159Kb max_used=1177Kb free=4600Kb
 bounds [0x0000016900000000, 0x0000016900270000, 0x00000169005a0000]
 total_blobs=1798 nmethods=1361 adapters=350
 compilation: enabled
              stopped_count=0, restarted_count=0
 full_count=0

Compilation events (20 events):
Event: 5.807 Thread 0x000001697f36b720 1353       3       java.lang.invoke.InnerClassLambdaMetafactory$ForwardingMethodGenerator::generate (272 bytes)
Event: 5.811 Thread 0x000001697f36b720 nmethod 1353 0x0000016900829490 code [0x0000016900829820, 0x000001690082b4a8]
Event: 5.811 Thread 0x000001697f36b720 1354       3       java.lang.invoke.InnerClassLambdaMetafactory$ForwardingMethodGenerator::convertArgumentTypes (96 bytes)
Event: 5.812 Thread 0x000001697f36b720 nmethod 1354 0x000001690082bd10 code [0x000001690082bf60, 0x000001690082c9d8]
Event: 5.812 Thread 0x000001697f36b720 1355       3       java.lang.invoke.InnerClassLambdaMetafactory$ForwardingMethodGenerator::invocationOpcode (104 bytes)
Event: 5.814 Thread 0x000001697f36b720 nmethod 1355 0x000001690082cf10 code [0x000001690082d160, 0x000001690082d998]
Event: 5.814 Thread 0x000001697f36b720 1356       3       java.lang.invoke.InnerClassLambdaMetafactory::getReturnOpcode (20 bytes)
Event: 5.814 Thread 0x000001697f36b720 nmethod 1356 0x000001690082dc90 code [0x000001690082de40, 0x000001690082dfc8]
Event: 5.814 Thread 0x000001697f36b720 1357       3       java.lang.invoke.MethodHandles$Lookup::defineHiddenClass (69 bytes)
Event: 5.815 Thread 0x000001697f36b720 nmethod 1357 0x000001690082e090 code [0x000001690082e380, 0x000001690082f158]
Event: 5.816 Thread 0x000001697f36b720 1360       3       java.util.HashSet::<init> (16 bytes)
Event: 5.830 Thread 0x000001697f36b720 nmethod 1360 0x000001690082f690 code [0x000001690082f860, 0x000001690082fc78]
Event: 5.830 Thread 0x000001697f36b720 1359       3       java.util.stream.StreamSupport::stream (19 bytes)
Event: 5.831 Thread 0x000001697f36b720 nmethod 1359 0x000001690082fe10 code [0x000001690082ffe0, 0x0000016900830408]
Event: 5.831 Thread 0x000001697f36b720 1358       3       java.lang.invoke.MethodHandles$Lookup::ensureDefineClassPermission (38 bytes)
Event: 5.832 Thread 0x000001697f36b720 nmethod 1358 0x0000016900830610 code [0x0000016900830820, 0x0000016900830f38]
Event: 5.913 Thread 0x000001697f36b720 1362       3       sun.invoke.util.Wrapper::isSubwordOrInt (20 bytes)
Event: 5.914 Thread 0x000001697f36b720 nmethod 1362 0x0000016900831190 code [0x0000016900831340, 0x0000016900831758]
Event: 5.914 Thread 0x000001697f36b720 1363       3       sun.invoke.util.Wrapper::isSingleWord (15 bytes)
Event: 5.914 Thread 0x000001697f36b720 nmethod 1363 0x0000016900831890 code [0x0000016900831a20, 0x0000016900831b98]

GC Heap History (2 events):
Event: 3.653 GC heap before
{Heap before GC invocations=0 (full 0):
 garbage-first heap   total 126976K, used 25600K [0x0000000084e00000, 0x0000000100000000)
  region size 1024K, 23 young (23552K), 0 survivors (0K)
 Metaspace       used 4922K, committed 5120K, reserved 1056768K
  class space    used 598K, committed 704K, reserved 1048576K
}
Event: 3.684 GC heap after
{Heap after GC invocations=1 (full 0):
 garbage-first heap   total 126976K, used 8128K [0x0000000084e00000, 0x0000000100000000)
  region size 1024K, 3 young (3072K), 3 survivors (3072K)
 Metaspace       used 4922K, committed 5120K, reserved 1056768K
  class space    used 598K, committed 704K, reserved 1048576K
}

Deoptimization events (20 events):
Event: 1.314 Thread 0x000001697048fac0 DEOPT PACKING pc=0x00000169005c7a77 sp=0x0000003294ffc740
Event: 1.314 Thread 0x000001697048fac0 DEOPT UNPACKING pc=0x0000016900056763 sp=0x0000003294ffbc00 mode 0
Event: 1.381 Thread 0x000001697048fac0 DEOPT PACKING pc=0x0000016900629c56 sp=0x0000003294ffc990
Event: 1.381 Thread 0x000001697048fac0 DEOPT UNPACKING pc=0x0000016900056763 sp=0x0000003294ffbe18 mode 0
Event: 1.411 Thread 0x000001697048fac0 DEOPT PACKING pc=0x00000169005c7a77 sp=0x0000003294ffc990
Event: 1.411 Thread 0x000001697048fac0 DEOPT UNPACKING pc=0x0000016900056763 sp=0x0000003294ffbe50 mode 0
Event: 1.897 Thread 0x000001697048fac0 DEOPT PACKING pc=0x0000016900629c56 sp=0x0000003294ff9de0
Event: 1.897 Thread 0x000001697048fac0 DEOPT UNPACKING pc=0x0000016900056763 sp=0x0000003294ff9268 mode 0
Event: 2.072 Thread 0x000001697048fac0 DEOPT PACKING pc=0x000001690060f5be sp=0x0000003294ffc7a0
Event: 2.072 Thread 0x000001697048fac0 DEOPT UNPACKING pc=0x0000016900056763 sp=0x0000003294ffbc18 mode 0
Event: 3.622 Thread 0x000001697048fac0 DEOPT PACKING pc=0x000001690065e710 sp=0x0000003294ffd5e0
Event: 3.622 Thread 0x000001697048fac0 DEOPT UNPACKING pc=0x0000016900056763 sp=0x0000003294ffcaf8 mode 0
Event: 4.199 Thread 0x000001697048fac0 Uncommon trap: trap_request=0xffffff45 fr.pc=0x0000016907b21674 relative=0x0000000000000254
Event: 4.199 Thread 0x000001697048fac0 Uncommon trap: reason=unstable_if action=reinterpret pc=0x0000016907b21674 method=java.util.concurrent.ConcurrentHashMap.get(Ljava/lang/Object;)Ljava/lang/Object; @ 86 c2
Event: 4.199 Thread 0x000001697048fac0 DEOPT PACKING pc=0x0000016907b21674 sp=0x0000003294ffcf30
Event: 4.199 Thread 0x000001697048fac0 DEOPT UNPACKING pc=0x0000016900055c23 sp=0x0000003294ffcea8 mode 2
Event: 4.940 Thread 0x000001697048fac0 Uncommon trap: trap_request=0xffffff45 fr.pc=0x0000016907b0956c relative=0x000000000000152c
Event: 4.940 Thread 0x000001697048fac0 Uncommon trap: reason=unstable_if action=reinterpret pc=0x0000016907b0956c method=java.util.jar.JarFile.getVersionedEntry(Ljava/lang/String;Ljava/util/jar/JarEntry;)Ljava/util/jar/JarEntry; @ 26 c2
Event: 4.941 Thread 0x000001697048fac0 DEOPT PACKING pc=0x0000016907b0956c sp=0x0000003294ffbf10
Event: 4.941 Thread 0x000001697048fac0 DEOPT UNPACKING pc=0x0000016900055c23 sp=0x0000003294ffbea0 mode 2

Classes unloaded (0 events):
No events

Classes redefined (0 events):
No events

Internal exceptions (20 events):
Event: 2.428 Thread 0x000001697048fac0 Exception <a 'java/lang/NoSuchMethodError'{0x000000008b8f6318}: 'java.lang.Object java.lang.invoke.DirectMethodHandle$Holder.newInvokeSpecial(java.lang.Object, java.lang.Object, java.lang.Object, java.lang.Object, java.lang.Object)'> (0x000000008b8f6318) 
thrown [t:\workspace\open\src\hotspot\share\interpreter\linkResolver.cpp, line 766]
Event: 3.114 Thread 0x000001697048fac0 Exception <a 'java/lang/NoSuchMethodError'{0x000000008b5212f8}: 'java.lang.Object java.lang.invoke.DirectMethodHandle$Holder.invokeSpecialIFC(java.lang.Object, java.lang.Object, java.lang.Object, java.lang.Object)'> (0x000000008b5212f8) 
thrown [t:\workspace\open\src\hotspot\share\interpreter\linkResolver.cpp, line 766]
Event: 3.130 Thread 0x000001697048fac0 Exception <a 'java/lang/NoSuchMethodError'{0x000000008b53ae20}: 'java.lang.Object java.lang.invoke.DirectMethodHandle$Holder.invokeInterface(java.lang.Object, java.lang.Object, java.lang.Object)'> (0x000000008b53ae20) 
thrown [t:\workspace\open\src\hotspot\share\interpreter\linkResolver.cpp, line 766]
Event: 3.229 Thread 0x000001697048fac0 Exception <a 'java/lang/NoSuchMethodError'{0x000000008b5a11a8}: 'void java.lang.invoke.DirectMethodHandle$Holder.invokeInterface(java.lang.Object, java.lang.Object, java.lang.Object)'> (0x000000008b5a11a8) 
thrown [t:\workspace\open\src\hotspot\share\interpreter\linkResolver.cpp, line 766]
Event: 3.271 Thread 0x000001697048fac0 Exception <a 'java/lang/NoSuchMethodError'{0x000000008b5f7570}: 'java.lang.Object java.lang.invoke.DirectMethodHandle$Holder.newInvokeSpecial(java.lang.Object, java.lang.Object, java.lang.Object, java.lang.Object, java.lang.Object, java.lang.Object)'> (0x000000008b5f7570) 
thrown [t:\workspace\open\src\hotspot\share\interpreter\linkResolver.cpp, line 766]
Event: 3.314 Thread 0x000001697048fac0 Exception <a 'java/lang/NoSuchMethodError'{0x000000008b444290}: 'void java.lang.invoke.DirectMethodHandle$Holder.invokeInterface(java.lang.Object, java.lang.Object, java.lang.Object, java.lang.Object, java.lang.Object)'> (0x000000008b444290) 
thrown [t:\workspace\open\src\hotspot\share\interpreter\linkResolver.cpp, line 766]
Event: 3.315 Thread 0x000001697048fac0 Exception <a 'java/lang/IncompatibleClassChangeError'{0x000000008b448208}: Found class java.lang.Object, but interface was expected> (0x000000008b448208) 
thrown [t:\workspace\open\src\hotspot\share\interpreter\linkResolver.cpp, line 833]
Event: 3.342 Thread 0x000001697048fac0 Exception <a 'java/lang/IncompatibleClassChangeError'{0x000000008b474618}: Found class java.lang.Object, but interface was expected> (0x000000008b474618) 
thrown [t:\workspace\open\src\hotspot\share\interpreter\linkResolver.cpp, line 833]
Event: 3.359 Thread 0x000001697048fac0 Exception <a 'java/lang/NoSuchMethodError'{0x000000008b494c20}: 'java.lang.Object java.lang.invoke.DirectMethodHandle$Holder.invokeStatic(java.lang.Object, java.lang.Object, int)'> (0x000000008b494c20) 
thrown [t:\workspace\open\src\hotspot\share\interpreter\linkResolver.cpp, line 766]
Event: 3.428 Thread 0x000001697048fac0 Exception <a 'java/lang/NoSuchMethodError'{0x000000008b4e3358}: 'void java.lang.invoke.DirectMethodHandle$Holder.invokeSpecial(java.lang.Object, java.lang.Object, java.lang.Object, java.lang.Object, java.lang.Object)'> (0x000000008b4e3358) 
thrown [t:\workspace\open\src\hotspot\share\interpreter\linkResolver.cpp, line 766]
Event: 3.616 Thread 0x000001697048fac0 Exception <a 'java/lang/NoSuchMethodError'{0x000000008b3a3b08}: 'void java.lang.invoke.DirectMethodHandle$Holder.invokeInterface(java.lang.Object, java.lang.Object, java.lang.Object, java.lang.Object)'> (0x000000008b3a3b08) 
thrown [t:\workspace\open\src\hotspot\share\interpreter\linkResolver.cpp, line 766]
Event: 3.617 Thread 0x000001697048fac0 Exception <a 'java/lang/IncompatibleClassChangeError'{0x000000008b3a76d8}: Found class java.lang.Object, but interface was expected> (0x000000008b3a76d8) 
thrown [t:\workspace\open\src\hotspot\share\interpreter\linkResolver.cpp, line 833]
Event: 3.637 Thread 0x000001697048fac0 Exception <a 'java/lang/NoSuchMethodError'{0x000000008b3cd590}: 'void java.lang.invoke.DirectMethodHandle$Holder.invokeStatic(java.lang.Object, java.lang.Object, java.lang.Object, java.lang.Object)'> (0x000000008b3cd590) 
thrown [t:\workspace\open\src\hotspot\share\interpreter\linkResolver.cpp, line 766]
Event: 3.732 Thread 0x000001697048fac0 Exception <a 'java/lang/NoSuchMethodError'{0x000000008c95e9f8}: 'java.lang.Object java.lang.invoke.Invokers$Holder.invokeExact_MT(java.lang.Object, java.lang.Object, java.lang.Object, java.lang.Object, java.lang.Object, java.lang.Object)'> (0x000000008c95e9f8) 
thrown [t:\workspace\open\src\hotspot\share\interpreter\linkResolver.cpp, line 766]
Event: 3.738 Thread 0x000001697048fac0 Exception <a 'java/lang/NoSuchMethodError'{0x000000008c96e8e0}: 'int java.lang.invoke.DirectMethodHandle$Holder.invokeStatic(java.lang.Object, java.lang.Object, java.lang.Object, java.lang.Object, java.lang.Object)'> (0x000000008c96e8e0) 
thrown [t:\workspace\open\src\hotspot\share\interpreter\linkResolver.cpp, line 766]
Event: 3.895 Thread 0x000001697048fac0 Exception <a 'java/lang/NoSuchMethodError'{0x000000008c732968}: 'void java.lang.invoke.DirectMethodHandle$Holder.invokeStaticInit(java.lang.Object, java.lang.Object, java.lang.Object, java.lang.Object)'> (0x000000008c732968) 
thrown [t:\workspace\open\src\hotspot\share\interpreter\linkResolver.cpp, line 766]
Event: 3.943 Thread 0x000001697048fac0 Exception <a 'java/lang/NoSuchMethodError'{0x000000008c7b20f8}: 'int java.lang.invoke.DirectMethodHandle$Holder.invokeStaticInit(java.lang.Object, java.lang.Object)'> (0x000000008c7b20f8) 
thrown [t:\workspace\open\src\hotspot\share\interpreter\linkResolver.cpp, line 766]
Event: 4.175 Thread 0x000001697048fac0 Exception <a 'java/lang/NoSuchMethodError'{0x000000008c52f0e0}: 'java.lang.Object java.lang.invoke.DirectMethodHandle$Holder.newInvokeSpecial(java.lang.Object, java.lang.Object, int)'> (0x000000008c52f0e0) 
thrown [t:\workspace\open\src\hotspot\share\interpreter\linkResolver.cpp, line 766]
Event: 5.202 Thread 0x000001697048fac0 Exception <a 'java/lang/NoSuchMethodError'{0x000000008c206b10}: 'java.lang.Object java.lang.invoke.DirectMethodHandle$Holder.invokeSpecial(java.lang.Object, java.lang.Object, java.lang.Object, long, java.lang.Object)'> (0x000000008c206b10) 
thrown [t:\workspace\open\src\hotspot\share\interpreter\linkResolver.cpp, line 766]
Event: 5.203 Thread 0x000001697048fac0 Exception <a 'java/lang/NoSuchMethodError'{0x000000008c20ac30}: 'java.lang.Object java.lang.invoke.Invokers$Holder.linkToTargetMethod(java.lang.Object, long, java.lang.Object, java.lang.Object)'> (0x000000008c20ac30) 
thrown [t:\workspace\open\src\hotspot\share\interpreter\linkResolver.cpp, line 766]

VM Operations (20 events):
Event: 1.571 Executing VM operation: Cleanup
Event: 1.571 Executing VM operation: Cleanup done
Event: 2.319 Executing VM operation: HandshakeAllThreads
Event: 2.319 Executing VM operation: HandshakeAllThreads done
Event: 2.376 Executing VM operation: HandshakeAllThreads
Event: 2.376 Executing VM operation: HandshakeAllThreads done
Event: 3.385 Executing VM operation: Cleanup
Event: 3.392 Executing VM operation: Cleanup done
Event: 3.653 Executing VM operation: G1CollectForAllocation
Event: 3.684 Executing VM operation: G1CollectForAllocation done
Event: 3.999 Executing VM operation: HandshakeAllThreads
Event: 3.999 Executing VM operation: HandshakeAllThreads done
Event: 4.527 Executing VM operation: HandshakeAllThreads
Event: 4.527 Executing VM operation: HandshakeAllThreads done
Event: 5.408 Executing VM operation: HandshakeAllThreads
Event: 5.408 Executing VM operation: HandshakeAllThreads done
Event: 5.408 Executing VM operation: Cleanup
Event: 5.409 Executing VM operation: Cleanup done
Event: 5.463 Executing VM operation: HandshakeAllThreads
Event: 5.463 Executing VM operation: HandshakeAllThreads done

Events (20 events):
Event: 5.765 loading class java/net/HttpURLConnection done
Event: 5.768 Thread 0x000001690fe44a80 Thread exited: 0x000001690fe44a80
Event: 5.809 loading class java/util/ImmutableCollections$Access
Event: 5.810 loading class java/util/ImmutableCollections$Access done
Event: 5.810 loading class java/util/ImmutableCollections$Access$1
Event: 5.810 loading class jdk/internal/access/JavaUtilCollectionAccess
Event: 5.810 loading class jdk/internal/access/JavaUtilCollectionAccess done
Event: 5.810 loading class java/util/ImmutableCollections$Access$1 done
Event: 5.811 loading class java/util/stream/Nodes$SpinedNodeBuilder
Event: 5.812 loading class java/util/stream/SpinedBuffer
Event: 5.813 loading class java/util/stream/AbstractSpinedBuffer
Event: 5.813 loading class java/util/stream/AbstractSpinedBuffer done
Event: 5.813 loading class java/util/stream/SpinedBuffer done
Event: 5.813 loading class java/util/stream/Nodes$SpinedNodeBuilder done
Event: 5.911 loading class java/util/concurrent/atomic/AtomicLongArray
Event: 5.912 loading class java/util/concurrent/atomic/AtomicLongArray done
Event: 5.912 loading class java/lang/invoke/VarHandleLongs$Array
Event: 5.913 loading class java/lang/invoke/VarHandleLongs$Array done
Event: 5.913 loading class java/util/concurrent/atomic/AtomicReferenceArray
Event: 5.914 loading class java/util/concurrent/atomic/AtomicReferenceArray done


Dynamic libraries:
0x00007ff7ba1b0000 - 0x00007ff7ba1c0000 	C:\Program Files\Java\jdk-17.0.2\bin\java.exe
0x00007ffeab240000 - 0x00007ffeab4a7000 	C:\WINDOWS\SYSTEM32\ntdll.dll
0x00007ffeaa0e0000 - 0x00007ffeaa1a9000 	C:\WINDOWS\System32\KERNEL32.DLL
0x00007ffea7b20000 - 0x00007ffea7f11000 	C:\WINDOWS\System32\KERNELBASE.dll
0x00007ffea7fd0000 - 0x00007ffea811b000 	C:\WINDOWS\System32\ucrtbase.dll
0x00007ffe92120000 - 0x00007ffe9213a000 	C:\Program Files\Java\jdk-17.0.2\bin\VCRUNTIME140.dll
0x00007ffea0d60000 - 0x00007ffea0d78000 	C:\Program Files\Java\jdk-17.0.2\bin\jli.dll
0x00007ffea9d20000 - 0x00007ffea9ddb000 	C:\WINDOWS\System32\ADVAPI32.dll
0x00007ffeaa7c0000 - 0x00007ffeaa869000 	C:\WINDOWS\System32\msvcrt.dll
0x00007ffeab150000 - 0x00007ffeab1f7000 	C:\WINDOWS\System32\sechost.dll
0x00007ffea9de0000 - 0x00007ffea9ef8000 	C:\WINDOWS\System32\RPCRT4.dll
0x00007ffea9060000 - 0x00007ffea9225000 	C:\WINDOWS\System32\USER32.dll
0x00007ffea81d0000 - 0x00007ffea81f7000 	C:\WINDOWS\System32\win32u.dll
0x00007ffe8d980000 - 0x00007ffe8dc13000 	C:\WINDOWS\WinSxS\amd64_microsoft.windows.common-controls_6595b64144ccf1df_6.0.26100.8037_none_3e092faae333b53b\COMCTL32.dll
0x00007ffeaa590000 - 0x00007ffeaa5bb000 	C:\WINDOWS\System32\GDI32.dll
0x00007ffea8200000 - 0x00007ffea832b000 	C:\WINDOWS\System32\gdi32full.dll
0x00007ffea8120000 - 0x00007ffea81c3000 	C:\WINDOWS\System32\msvcp_win.dll
0x00007ffe9dd20000 - 0x00007ffe9dd2b000 	C:\WINDOWS\SYSTEM32\VERSION.dll
0x00007ffea9cc0000 - 0x00007ffea9cf1000 	C:\WINDOWS\System32\IMM32.DLL
0x00007ffe9e520000 - 0x00007ffe9e52c000 	C:\Program Files\Java\jdk-17.0.2\bin\vcruntime140_1.dll
0x00007ffe7c6d0000 - 0x00007ffe7c75d000 	C:\Program Files\Java\jdk-17.0.2\bin\msvcp140.dll
0x00007ffde2fb0000 - 0x00007ffde3b71000 	C:\Program Files\Java\jdk-17.0.2\bin\server\jvm.dll
0x00007ffea9230000 - 0x00007ffea9238000 	C:\WINDOWS\System32\PSAPI.DLL
0x00007ffe9e530000 - 0x00007ffe9e53a000 	C:\WINDOWS\SYSTEM32\WSOCK32.dll
0x00007ffea9c10000 - 0x00007ffea9c84000 	C:\WINDOWS\System32\WS2_32.dll
0x00007ffe8d940000 - 0x00007ffe8d975000 	C:\WINDOWS\SYSTEM32\WINMM.dll
0x00007ffea6890000 - 0x00007ffea68ab000 	C:\WINDOWS\SYSTEM32\kernel.appcore.dll
0x00007ffe9e1a0000 - 0x00007ffe9e1aa000 	C:\Program Files\Java\jdk-17.0.2\bin\jimage.dll
0x00007ffea59f0000 - 0x00007ffea5c32000 	C:\WINDOWS\SYSTEM32\DBGHELP.DLL
0x00007ffeaa870000 - 0x00007ffeaabf2000 	C:\WINDOWS\System32\combase.dll
0x00007ffeaa1b0000 - 0x00007ffeaa287000 	C:\WINDOWS\System32\OLEAUT32.dll
0x00007ffe8c080000 - 0x00007ffe8c0bb000 	C:\WINDOWS\SYSTEM32\dbgcore.DLL
0x00007ffea7f20000 - 0x00007ffea7fc5000 	C:\WINDOWS\System32\bcryptPrimitives.dll
0x00007ffe86640000 - 0x00007ffe86665000 	C:\Program Files\Java\jdk-17.0.2\bin\java.dll
0x00007ffe2e260000 - 0x00007ffe2e336000 	C:\Program Files\Java\jdk-17.0.2\bin\jsvml.dll
0x00007ffea94a0000 - 0x00007ffea9bff000 	C:\WINDOWS\System32\SHELL32.dll
0x00007ffea8db0000 - 0x00007ffea8f1a000 	C:\WINDOWS\System32\wintypes.dll
0x00007ffea8540000 - 0x00007ffea8da4000 	C:\WINDOWS\System32\windows.storage.dll
0x00007ffea9240000 - 0x00007ffea9337000 	C:\WINDOWS\System32\SHCORE.dll
0x00007ffea9350000 - 0x00007ffea93b7000 	C:\WINDOWS\System32\shlwapi.dll
0x00007ffea7a40000 - 0x00007ffea7a69000 	C:\WINDOWS\SYSTEM32\profapi.dll
0x00007ffe8ca30000 - 0x00007ffe8ca49000 	C:\Program Files\Java\jdk-17.0.2\bin\net.dll
0x00007ffe9fe10000 - 0x00007ffe9ff37000 	C:\WINDOWS\SYSTEM32\WINHTTP.dll
0x00007ffea6e20000 - 0x00007ffea6e8b000 	C:\WINDOWS\system32\mswsock.dll
0x00007ffe86540000 - 0x00007ffe86556000 	C:\Program Files\Java\jdk-17.0.2\bin\nio.dll
0x00007ffe83c10000 - 0x00007ffe83c28000 	C:\Program Files\Java\jdk-17.0.2\bin\zip.dll
0x00007ffea13f0000 - 0x00007ffea13f9000 	C:\Program Files\Java\jdk-17.0.2\bin\management.dll
0x00007ffea00b0000 - 0x00007ffea00bb000 	C:\Program Files\Java\jdk-17.0.2\bin\management_ext.dll

dbghelp: loaded successfully - version: 4.0.5 - missing functions: none
symbol engine: initialized successfully - sym options: 0x614 - pdb path: .;C:\Program Files\Java\jdk-17.0.2\bin;C:\WINDOWS\SYSTEM32;C:\WINDOWS\WinSxS\amd64_microsoft.windows.common-controls_6595b64144ccf1df_6.0.26100.8037_none_3e092faae333b53b;C:\Program Files\Java\jdk-17.0.2\bin\server

VM Arguments:
java_command: C:\Users\Prayash\AppData\Local\Temp\surefire3861306777066492581\surefirebooter-20260508225539235_3.jar C:\Users\Prayash\AppData\Local\Temp\surefire3861306777066492581 2026-05-08T22-55-37_883-jvmRun1 surefire-20260508225539235_1tmp surefire_0-20260508225539235_2tmp
java_class_path (initial): C:\Users\Prayash\AppData\Local\Temp\surefire3861306777066492581\surefirebooter-20260508225539235_3.jar
Launcher Type: SUN_STANDARD

[Global flags]
     intx CICompilerCount                          = 4                                         {product} {ergonomic}
     uint ConcGCThreads                            = 2                                         {product} {ergonomic}
     uint G1ConcRefinementThreads                  = 8                                         {product} {ergonomic}
   size_t G1HeapRegionSize                         = 1048576                                   {product} {ergonomic}
    uintx GCDrainStackTargetSize                   = 64                                        {product} {ergonomic}
   size_t InitialHeapSize                          = 130023424                                 {product} {ergonomic}
   size_t MarkStackSize                            = 4194304                                   {product} {ergonomic}
   size_t MaxHeapSize                              = 2065694720                                {product} {ergonomic}
   size_t MaxNewSize                               = 1239416832                                {product} {ergonomic}
   size_t MinHeapDeltaBytes                        = 1048576                                   {product} {ergonomic}
   size_t MinHeapSize                              = 8388608                                   {product} {ergonomic}
    uintx NonNMethodCodeHeapSize                   = 5839372                                {pd product} {ergonomic}
    uintx NonProfiledCodeHeapSize                  = 122909434                              {pd product} {ergonomic}
    uintx ProfiledCodeHeapSize                     = 122909434                              {pd product} {ergonomic}
    uintx ReservedCodeCacheSize                    = 251658240                              {pd product} {ergonomic}
     bool SegmentedCodeCache                       = true                                      {product} {ergonomic}
   size_t SoftMaxHeapSize                          = 2065694720                             {manageable} {ergonomic}
     bool UseCompressedClassPointers               = true                           {product lp64_product} {ergonomic}
     bool UseCompressedOops                        = true                           {product lp64_product} {ergonomic}
     bool UseG1GC                                  = true                                      {product} {ergonomic}
     bool UseLargePagesIndividualAllocation        = false                                  {pd product} {ergonomic}

Logging:
Log output configuration:
 #0: stdout all=warning uptime,level,tags
 #1: stderr all=off uptime,level,tags

Environment Variables:
JAVA_HOME=C:\Program Files\Java\jdk-17.0.2
PATH=C:\app\Prayash\product\21c\dbhomeXE\bin;C:\oraclexe\app\oracle\product\11.2.0\server\bin;C:\Program Files\Common Files\Oracle\Java\javapath;C:\WINDOWS\system32;C:\WINDOWS;C:\WINDOWS\System32\Wbem;C:\WINDOWS\System32\WindowsPowerShell\v1.0\;C:\WINDOWS\System32\OpenSSH\;C:\MinGW\bin;C:\Program Files\Java\jdk-17.0.2\bin;C:\Program Files\dotnet\;C:\Program Files\php-8.2.5;C:\tools;C:\Program Files\Amazon\AWSCLIV2\;C:\Meaven\apache-maven-3.9.8\bin;C:\Program Files\nodejs\;C:\Program Files\nodejs;C:\Users\Prayash\OneDrive\Desktop\React;C:\Program Files\Docker\Docker\resources\bin;C:\Program Files\Git\cmd;C:\Program Files\Kubernetes\Minikube;C:\Users\Prayash\Downloads\python-3.13.1-embed-amd64.zip;C:\Program Files\MySQL\MySQL Server 8.0\bin;C:\Program Files\MySQL\MySQL Shell 8.0\bin\;C:\Users\Prayash\scoop\shims;C:\Users\Prayash\AppData\Local\Microsoft\WindowsApps;C:\Users\Prayash\AppData\Local\Programs\Microsoft VS Code\bin;C:\Users\Prayash\AppData\Local\Microsoft\WinGet\Packages\Schniz.fnm_Microsoft.Winget.Source_8wekyb3d8bbwe;C:\Users\Prayash\AppData\Roaming\npm;C:\Users\Prayash\Downloads\python-3.13.1-embed-amd64.zip;
USERNAME=Prayash
OS=Windows_NT
PROCESSOR_IDENTIFIER=Intel64 Family 6 Model 126 Stepping 5, GenuineIntel



---------------  S Y S T E M  ---------------

OS:
 Windows 11 , 64 bit Build 26100 (10.0.26100.7920)
OS uptime: 7 days 8:03 hours
Hyper-V role detected

CPU: total 8 (initial active 8) (4 cores per cpu, 2 threads per core) family 6 model 126 stepping 5 microcode 0xbc, cx8, cmov, fxsr, ht, mmx, 3dnowpref, sse, sse2, sse3, ssse3, sse4.1, sse4.2, popcnt, lzcnt, tsc, tscinvbit, avx, avx2, aes, erms, clmul, bmi1, bmi2, adx, avx512f, avx512dq, avx512cd, avx512bw, avx512vl, sha, fma, vzeroupper, avx512_vpopcntdq, avx512_vpclmulqdq, avx512_vaes, avx512_vnni, clflush, clflushopt, avx512_vbmi2, avx512_vbmi, hv

Memory: 4k page, system-wide physical 7879M (565M free)
TotalPageFile size 22611M (AvailPageFile size 3M)
current process WorkingSet (physical memory assigned to process): 94M, peak: 94M
current process commit charge ("private bytes"): 230M, peak: 231M

vm_info: Java HotSpot(TM) 64-Bit Server VM (17.0.2+8-LTS-86) for windows-amd64 JRE (17.0.2+8-LTS-86), built on Dec  7 2021 21:51:03 by "mach5one" with MS VC++ 16.8 / 16.9 (VS2019)

END.
